// Jest Snapshot v1, https://goo.gl/fbAQLP

exports[`matches snapshot 1`] = `
<div
  className="App"
>
  <nav>
    <a
      href="/"
    >
      Home
    </a>
     | 
    <a
      href="/about"
    >
      About
    </a>
  </nav>
  <header
    className="App-header"
  >
    <img
      alt="logo"
      className="App-logo"
      src="logo.svg"
    />
    <p>
      Edit 
      <code>
        src/App.js
      </code>
       and save to reload.
    </p>
    <a
      className="App-link"
      href="https://reactjs.org"
      rel="noopener noreferrer"
      target="_blank"
    >
      Learn React again and again.
    </a>
  </header>
  <footer>
    Copyright 2018
  </footer>
</div>
`;
